[rivilan.framer.website/index.html]
[backblue.gif]
[fade.gif]
[index.html]
[framerusercontent.com/images/9924lP0BZ8dOz37sdOymgalPqQ.png]
[framerusercontent.com/images/cJzViFXwIJnaeyLxc7BYc8QDE.png]
[framerusercontent.com/images/JO6X2PyLcQu1AmXHtlCFMLyA8ac6b.png]
[framerusercontent.com/images/W7xYkGKzPzvnPv58ZBNzxS3JZI8296.jpg]
[rivilan.framer.website/_#a1000z_.4.delayed]
[rivilan.framer.website/_#a1002z_.5.delayed]
[rivilan.framer.website/_#a1004z_.6.delayed]
[framerusercontent.com/images/TlENrhqjow3GKPwacxNV0l9zC0301c.jpg]
[framerusercontent.com/images/3D9Dsb99yZ50wd46haGA5xVX6Q301c.jpg]
[framerusercontent.com/images/vgHPhTINz7GSobPMUEAoJ98f1A301c.jpg]
[framerusercontent.com/images/ZDRfcCORTWu6Hc0jyONpG85RUIa051.png]
[framerusercontent.com/images/OEnn5SJkd3hD9fSbw8wKIEGowk1674.png]
[framerusercontent.com/images/rzEZghVC3iRM2b58Da46FwvjeGw301c.jpg]
[rivilan.framer.website/coming-soon.html]
[rivilan.framer.website/404.e.delayed]
[rivilan.framer.website/index.html]
[rivilan.framer.website/_#a1000z_.html]
[rivilan.framer.website/_#a1002z_.html]
[rivilan.framer.website/_#a1004z_.html]
[rivilan.framer.website/coming-soon.html]
[rivilan.framer.website/404.html]
